// Jest Snapshot v1, https://goo.gl/fbAQLP

exports[`Button Component should render without issues 1`] = `
<TouchableHighlight
  activeOpacity={0.85}
  disabled={false}
  onPress={[Function]}
  underlayColor="transparent"
>
  <View
    style={
      Array [
        Object {
          "alignItems": "center",
          "backgroundColor": "#9E9E9E",
          "flexDirection": "row",
          "justifyContent": "center",
          "marginLeft": 15,
          "marginRight": 15,
          "padding": 19,
        },
        undefined,
        undefined,
        undefined,
        undefined,
        undefined,
        undefined,
        undefined,
        undefined,
        Object {
          "padding": 12,
        },
        undefined,
        undefined,
        undefined,
      ]
    }
  >
    <TextElement
      style={
        Array [
          Object {
            "color": "white",
            "fontSize": 20,
          },
          undefined,
          Object {
            "fontSize": 17.5,
          },
          undefined,
          undefined,
          undefined,
          undefined,
        ]
      }
    />
  </View>
</TouchableHighlight>
`;
