// Jest Snapshot v1, https://goo.gl/fbAQLP

exports[`FeaturedTitle component should render without issues 1`] = `
<View
  style={
    Array [
      Object {
        "backgroundColor": "transparent",
        "paddingBottom": 10,
        "paddingRight": 10,
        "paddingTop": 10,
      },
      undefined,
    ]
  }
>
  <View
    style={
      Array [
        Object {
          "alignItems": "center",
          "alignSelf": "stretch",
          "backgroundColor": "rgba(0,0,0,0.2)",
          "bottom": 0,
          "flex": 1,
          "height": 34,
          "justifyContent": "center",
          "left": 0,
          "position": "absolute",
          "right": 0,
          "top": 0,
          "width": 34,
        },
        undefined,
        undefined,
      ]
    }
  />
</View>
`;
